14 3 * * 4   sleep $[RANDOM\%60]s; certbot renew --authenticator dns-gandi --dns-gandi-credentials /etc/letsencrypt/gandi/gandi.ini
